[0;32mStarting Deployment for mc-social-hub...[0m
Updated property [core/project].
[1;33mChecking Cloud SQL Instance...[0m
Connection Name: gen-media-veo-test:us-central1:mc-social-db-instance
Checking Database...
Database mc_social_db exists.
[1;33mChecking GCS Bucket...[0m
Bucket mc-social-assets-gen-media-veo-test exists.
[1;33mBuilding Docker Image...[0m
createTime: '2025-12-05T04:00:45.175005Z'
description: MC Social Hub Repo
format: DOCKER
mode: STANDARD_REPOSITORY
name: projects/gen-media-veo-test/locations/us-central1/repositories/mc-social-repo
registryUri: us-central1-docker.pkg.dev/gen-media-veo-test/mc-social-repo
satisfiesPzi: true
updateTime: '2025-12-05T08:41:00.317506Z'
vulnerabilityScanningConfig:
  enablementState: SCANNING_DISABLED
  enablementStateReason: API containerscanning.googleapis.com is not enabled.
  lastEnableTime: '2025-12-05T04:00:44.572231038Z'
Creating temporary archive of 71 file(s) totalling 1.4 MiB before compression.
Some files were not included in the source upload.

Check the gcloud log [/Users/amylu/.config/gcloud/logs/2025.12.11/11.09.51.929177.log] to see which files and the contents of the
default gcloudignore file used (see `$ gcloud topic gcloudignore` to learn
more).

Uploading tarball of [.] to [gs://gen-media-veo-test_cloudbuild/source/1765422592.134521-28dcdada69a44eaabb8961a016627516.tgz]
Created [https://cloudbuild.googleapis.com/v1/projects/gen-media-veo-test/locations/global/builds/1240b240-ee6f-4abc-b214-a4947ed39b6c].
Logs are available at [ https://console.cloud.google.com/cloud-build/builds/1240b240-ee6f-4abc-b214-a4947ed39b6c?project=961699257299 ].
Waiting for build to complete. Polling interval: 1 second(s).

BUILD FAILURE: Build step failure: build step 0 "gcr.io/cloud-builders/docker" failed: step exited with non-zero status: 2
ERROR: (gcloud.builds.submit) build 1240b240-ee6f-4abc-b214-a4947ed39b6c completed with status "FAILURE"
------------------------------------ REMOTE BUILD OUTPUT ------------------------------------
starting build "1240b240-ee6f-4abc-b214-a4947ed39b6c"

FETCHSOURCE
Fetching storage object: gs://gen-media-veo-test_cloudbuild/source/1765422592.134521-28dcdada69a44eaabb8961a016627516.tgz#1765422594305524
Copying gs://gen-media-veo-test_cloudbuild/source/1765422592.134521-28dcdada69a44eaabb8961a016627516.tgz#1765422594305524...
/ [0 files][    0.0 B/  1.1 MiB]                                                / [1 files][  1.1 MiB/  1.1 MiB]                                                
Operation completed over 1 objects/1.1 MiB.                                      
BUILD
Already have image (with digest): gcr.io/cloud-builders/docker
Sending build context to Docker daemon  1.546MB
Step 1/15 : FROM node:18-alpine as frontend-build
18-alpine: Pulling from library/node
f18232174bc9: Pulling fs layer
dd71dde834b5: Pulling fs layer
1e5a4c89cee5: Pulling fs layer
25ff2da83641: Pulling fs layer
f18232174bc9: Verifying Checksum
f18232174bc9: Download complete
25ff2da83641: Verifying Checksum
25ff2da83641: Download complete
1e5a4c89cee5: Verifying Checksum
1e5a4c89cee5: Download complete
f18232174bc9: Pull complete
dd71dde834b5: Verifying Checksum
dd71dde834b5: Download complete
dd71dde834b5: Pull complete
1e5a4c89cee5: Pull complete
25ff2da83641: Pull complete
Digest: sha256:8d6421d663b4c28fd3ebc498332f249011d118945588d0a35cb9bc4b8ca09d9e
Status: Downloaded newer image for node:18-alpine
 ---> ee77c6cd7c18
Step 2/15 : WORKDIR /app/frontend
 ---> Running in e50065935050
Removing intermediate container e50065935050
 ---> ebd5f95732cc
Step 3/15 : COPY frontend/package*.json ./
 ---> 2b5955d6deca
Step 4/15 : RUN npm install
 ---> Running in aa29d360ecf9

added 181 packages, and audited 182 packages in 6s

32 packages are looking for funding
  run `npm fund` for details

2 moderate severity vulnerabilities

To address all issues (including breaking changes), run:
  npm audit fix --force

Run `npm audit` for details.
[91mnpm notice
npm notice New major version of npm available! 10.8.2 -> 11.7.0
npm notice Changelog: https://github.com/npm/cli/releases/tag/v11.7.0
npm notice To update run: npm install -g npm@11.7.0
npm notice
[0mRemoving intermediate container aa29d360ecf9
 ---> efe27456ba7a
Step 5/15 : COPY frontend/ ./
 ---> c5daea3dc986
Step 6/15 : RUN npm run build
 ---> Running in ada509d0dd5d

> mc-social-hub-frontend@0.0.0 build
> tsc && vite build
src/components/SideNav.tsx(1,59): error TS6133: 'LogOut' is declared but its value is never read.
src/views/ExploreView.tsx(16,5): error TS6133: 'LayoutGrid' is declared but its value is never read.
The command '/bin/sh -c npm run build' returned a non-zero code: 2
ERROR
ERROR: build step 0 "gcr.io/cloud-builders/docker" failed: step exited with non-zero status: 2
---------------------------------------------------------------------------------------------
[1;33mDeploying to Cloud Run...[0m
Deploying container to Cloud Run service [[1mmc-social-hub[m] in project [[1mgen-media-veo-test[m] region [[1mus-central1[m]
Deploying...
Setting IAM Policy...........................done
Creating Revision.............................................................................................................................................................................................................................................................................................................................................................................................................................................................................................................................................................................................................................................................................................................................................................................................................done
Routing traffic.....done
Done.
Service [[1mmc-social-hub[m] revision [[1mmc-social-hub-00016-rsp[m] has been deployed and is serving [1m100[m percent of traffic.
Service URL: [1mhttps://mc-social-hub-961699257299.us-central1.run.app[m
[0;32mDeployment Complete![0m
Your Service URL is displayed above.
